Archive member included to satisfy reference by file (symbol)

c:/program files/atmel/studio/7.0/toolchain/avr8/avr8-gnu-toolchain/bin/../lib/gcc/avr/4.9.2/../../../../avr/lib/avr4\libm.a(floatsisf.o)
                              main.o (__floatunsisf)
c:/program files/atmel/studio/7.0/toolchain/avr8/avr8-gnu-toolchain/bin/../lib/gcc/avr/4.9.2/../../../../avr/lib/avr4\libm.a(mulsf3.o)
                              main.o (__mulsf3)
c:/program files/atmel/studio/7.0/toolchain/avr8/avr8-gnu-toolchain/bin/../lib/gcc/avr/4.9.2/../../../../avr/lib/avr4\libm.a(mulsf3x.o)
                              c:/program files/atmel/studio/7.0/toolchain/avr8/avr8-gnu-toolchain/bin/../lib/gcc/avr/4.9.2/../../../../avr/lib/avr4\libm.a(mulsf3.o) (__mulsf3x)
c:/program files/atmel/studio/7.0/toolchain/avr8/avr8-gnu-toolchain/bin/../lib/gcc/avr/4.9.2/../../../../avr/lib/avr4\libm.a(fp_inf.o)
                              c:/program files/atmel/studio/7.0/toolchain/avr8/avr8-gnu-toolchain/bin/../lib/gcc/avr/4.9.2/../../../../avr/lib/avr4\libm.a(mulsf3x.o) (__fp_inf)
c:/program files/atmel/studio/7.0/toolchain/avr8/avr8-gnu-toolchain/bin/../lib/gcc/avr/4.9.2/../../../../avr/lib/avr4\libm.a(fp_nan.o)
                              c:/program files/atmel/studio/7.0/toolchain/avr8/avr8-gnu-toolchain/bin/../lib/gcc/avr/4.9.2/../../../../avr/lib/avr4\libm.a(mulsf3x.o) (__fp_nan)
c:/program files/atmel/studio/7.0/toolchain/avr8/avr8-gnu-toolchain/bin/../lib/gcc/avr/4.9.2/../../../../avr/lib/avr4\libm.a(fp_pscA.o)
                              c:/program files/atmel/studio/7.0/toolchain/avr8/avr8-gnu-toolchain/bin/../lib/gcc/avr/4.9.2/../../../../avr/lib/avr4\libm.a(mulsf3x.o) (__fp_pscA)
c:/program files/atmel/studio/7.0/toolchain/avr8/avr8-gnu-toolchain/bin/../lib/gcc/avr/4.9.2/../../../../avr/lib/avr4\libm.a(fp_pscB.o)
                              c:/program files/atmel/studio/7.0/toolchain/avr8/avr8-gnu-toolchain/bin/../lib/gcc/avr/4.9.2/../../../../avr/lib/avr4\libm.a(mulsf3x.o) (__fp_pscB)
c:/program files/atmel/studio/7.0/toolchain/avr8/avr8-gnu-toolchain/bin/../lib/gcc/avr/4.9.2/../../../../avr/lib/avr4\libm.a(fp_round.o)
                              c:/program files/atmel/studio/7.0/toolchain/avr8/avr8-gnu-toolchain/bin/../lib/gcc/avr/4.9.2/../../../../avr/lib/avr4\libm.a(mulsf3.o) (__fp_round)
c:/program files/atmel/studio/7.0/toolchain/avr8/avr8-gnu-toolchain/bin/../lib/gcc/avr/4.9.2/../../../../avr/lib/avr4\libm.a(fp_split3.o)
                              c:/program files/atmel/studio/7.0/toolchain/avr8/avr8-gnu-toolchain/bin/../lib/gcc/avr/4.9.2/../../../../avr/lib/avr4\libm.a(mulsf3x.o) (__fp_split3)
c:/program files/atmel/studio/7.0/toolchain/avr8/avr8-gnu-toolchain/bin/../lib/gcc/avr/4.9.2/../../../../avr/lib/avr4\libm.a(fp_zero.o)
                              c:/program files/atmel/studio/7.0/toolchain/avr8/avr8-gnu-toolchain/bin/../lib/gcc/avr/4.9.2/../../../../avr/lib/avr4\libm.a(mulsf3x.o) (__fp_szero)
c:/program files/atmel/studio/7.0/toolchain/avr8/avr8-gnu-toolchain/bin/../lib/gcc/avr/4.9.2/../../../../avr/lib/avr4\libprintf_flt.a(vfprintf_flt.o)
                              (vfprintf)
c:/program files/atmel/studio/7.0/toolchain/avr8/avr8-gnu-toolchain/bin/../lib/gcc/avr/4.9.2/avr4\libgcc.a(_exit.o)
                              C:/Program Files/Atmel/Studio/7.0/Packs/atmel/ATmega_DFP/1.0.98/gcc/dev/atmega8a/avr4/crtatmega8a.o (exit)
c:/program files/atmel/studio/7.0/toolchain/avr8/avr8-gnu-toolchain/bin/../lib/gcc/avr/4.9.2/avr4\libgcc.a(_copy_data.o)
                              main.o (__do_copy_data)
c:/program files/atmel/studio/7.0/toolchain/avr8/avr8-gnu-toolchain/bin/../lib/gcc/avr/4.9.2/avr4\libgcc.a(_prologue.o)
                              c:/program files/atmel/studio/7.0/toolchain/avr8/avr8-gnu-toolchain/bin/../lib/gcc/avr/4.9.2/../../../../avr/lib/avr4\libprintf_flt.a(vfprintf_flt.o) (__prologue_saves__)
c:/program files/atmel/studio/7.0/toolchain/avr8/avr8-gnu-toolchain/bin/../lib/gcc/avr/4.9.2/avr4\libgcc.a(_epilogue.o)
                              c:/program files/atmel/studio/7.0/toolchain/avr8/avr8-gnu-toolchain/bin/../lib/gcc/avr/4.9.2/../../../../avr/lib/avr4\libprintf_flt.a(vfprintf_flt.o) (__epilogue_restores__)
c:/program files/atmel/studio/7.0/toolchain/avr8/avr8-gnu-toolchain/bin/../lib/gcc/avr/4.9.2/../../../../avr/lib/avr4\libc.a(ftoa_engine.o)
                              c:/program files/atmel/studio/7.0/toolchain/avr8/avr8-gnu-toolchain/bin/../lib/gcc/avr/4.9.2/../../../../avr/lib/avr4\libprintf_flt.a(vfprintf_flt.o) (__ftoa_engine)
c:/program files/atmel/studio/7.0/toolchain/avr8/avr8-gnu-toolchain/bin/../lib/gcc/avr/4.9.2/../../../../avr/lib/avr4\libc.a(strnlen_P.o)
                              c:/program files/atmel/studio/7.0/toolchain/avr8/avr8-gnu-toolchain/bin/../lib/gcc/avr/4.9.2/../../../../avr/lib/avr4\libprintf_flt.a(vfprintf_flt.o) (strnlen_P)
c:/program files/atmel/studio/7.0/toolchain/avr8/avr8-gnu-toolchain/bin/../lib/gcc/avr/4.9.2/../../../../avr/lib/avr4\libc.a(strnlen.o)
                              c:/program files/atmel/studio/7.0/toolchain/avr8/avr8-gnu-toolchain/bin/../lib/gcc/avr/4.9.2/../../../../avr/lib/avr4\libprintf_flt.a(vfprintf_flt.o) (strnlen)
c:/program files/atmel/studio/7.0/toolchain/avr8/avr8-gnu-toolchain/bin/../lib/gcc/avr/4.9.2/../../../../avr/lib/avr4\libc.a(fputc.o)
                              c:/program files/atmel/studio/7.0/toolchain/avr8/avr8-gnu-toolchain/bin/../lib/gcc/avr/4.9.2/../../../../avr/lib/avr4\libprintf_flt.a(vfprintf_flt.o) (fputc)
c:/program files/atmel/studio/7.0/toolchain/avr8/avr8-gnu-toolchain/bin/../lib/gcc/avr/4.9.2/../../../../avr/lib/avr4\libc.a(sprintf.o)
                              main.o (sprintf)
c:/program files/atmel/studio/7.0/toolchain/avr8/avr8-gnu-toolchain/bin/../lib/gcc/avr/4.9.2/../../../../avr/lib/avr4\libc.a(ultoa_invert.o)
                              c:/program files/atmel/studio/7.0/toolchain/avr8/avr8-gnu-toolchain/bin/../lib/gcc/avr/4.9.2/../../../../avr/lib/avr4\libprintf_flt.a(vfprintf_flt.o) (__ultoa_invert)

Discarded input sections

 .data          0x00000000        0x0 C:/Program Files/Atmel/Studio/7.0/Packs/atmel/ATmega_DFP/1.0.98/gcc/dev/atmega8a/avr4/crtatmega8a.o
 .bss           0x00000000        0x0 C:/Program Files/Atmel/Studio/7.0/Packs/atmel/ATmega_DFP/1.0.98/gcc/dev/atmega8a/avr4/crtatmega8a.o
 .text          0x00000000        0x0 LCD_LIB.o
 .data          0x00000000        0x0 LCD_LIB.o
 .bss           0x00000000        0x0 LCD_LIB.o
 .text          0x00000000        0x0 main.o
 .data          0x00000000        0x0 main.o
 .bss           0x00000000        0x0 main.o
 .text.SPI_SendByte
                0x00000000        0x8 main.o
 .text.Convert_3201
                0x00000000       0x1e main.o
 .text          0x00000000        0x0 c:/program files/atmel/studio/7.0/toolchain/avr8/avr8-gnu-toolchain/bin/../lib/gcc/avr/4.9.2/../../../../avr/lib/avr4\libm.a(floatsisf.o)
 .data          0x00000000        0x0 c:/program files/atmel/studio/7.0/toolchain/avr8/avr8-gnu-toolchain/bin/../lib/gcc/avr/4.9.2/../../../../avr/lib/avr4\libm.a(floatsisf.o)
 .bss           0x00000000        0x0 c:/program files/atmel/studio/7.0/toolchain/avr8/avr8-gnu-toolchain/bin/../lib/gcc/avr/4.9.2/../../../../avr/lib/avr4\libm.a(floatsisf.o)
 .text          0x00000000        0x0 c:/program files/atmel/studio/7.0/toolchain/avr8/avr8-gnu-toolchain/bin/../lib/gcc/avr/4.9.2/../../../../avr/lib/avr4\libm.a(mulsf3.o)
 .data          0x00000000        0x0 c:/program files/atmel/studio/7.0/toolchain/avr8/avr8-gnu-toolchain/bin/../lib/gcc/avr/4.9.2/../../../../avr/lib/avr4\libm.a(mulsf3.o)
 .bss           0x00000000        0x0 c:/program files/atmel/studio/7.0/toolchain/avr8/avr8-gnu-toolchain/bin/../lib/gcc/avr/4.9.2/../../../../avr/lib/avr4\libm.a(mulsf3.o)
 .text          0x00000000        0x0 c:/program files/atmel/studio/7.0/toolchain/avr8/avr8-gnu-toolchain/bin/../lib/gcc/avr/4.9.2/../../../../avr/lib/avr4\libm.a(mulsf3x.o)
 .data          0x00000000        0x0 c:/program files/atmel/studio/7.0/toolchain/avr8/avr8-gnu-toolchain/bin/../lib/gcc/avr/4.9.2/../../../../avr/lib/avr4\libm.a(mulsf3x.o)
 .bss           0x00000000        0x0 c:/program files/atmel/studio/7.0/toolchain/avr8/avr8-gnu-toolchain/bin/../lib/gcc/avr/4.9.2/../../../../avr/lib/avr4\libm.a(mulsf3x.o)
 .text          0x00000000        0x0 c:/program files/atmel/studio/7.0/toolchain/avr8/avr8-gnu-toolchain/bin/../lib/gcc/avr/4.9.2/../../../../avr/lib/avr4\libm.a(fp_inf.o)
 .data          0x00000000        0x0 c:/program files/atmel/studio/7.0/toolchain/avr8/avr8-gnu-toolchain/bin/../lib/gcc/avr/4.9.2/../../../../avr/lib/avr4\libm.a(fp_inf.o)
 .bss           0x00000000        0x0 c:/program files/atmel/studio/7.0/toolchain/avr8/avr8-gnu-toolchain/bin/../lib/gcc/avr/4.9.2/../../../../avr/lib/avr4\libm.a(fp_inf.o)
 .text          0x00000000        0x0 c:/program files/atmel/studio/7.0/toolchain/avr8/avr8-gnu-toolchain/bin/../lib/gcc/avr/4.9.2/../../../../avr/lib/avr4\libm.a(fp_nan.o)
 .data          0x00000000        0x0 c:/program files/atmel/studio/7.0/toolchain/avr8/avr8-gnu-toolchain/bin/../lib/gcc/avr/4.9.2/../../../../avr/lib/avr4\libm.a(fp_nan.o)
 .bss           0x00000000        0x0 c:/program files/atmel/studio/7.0/toolchain/avr8/avr8-gnu-toolchain/bin/../lib/gcc/avr/4.9.2/../../../../avr/lib/avr4\libm.a(fp_nan.o)
 .text          0x00000000        0x0 c:/program files/atmel/studio/7.0/toolchain/avr8/avr8-gnu-toolchain/bin/../lib/gcc/avr/4.9.2/../../../../avr/lib/avr4\libm.a(fp_pscA.o)
 .data          0x00000000        0x0 c:/program files/atmel/studio/7.0/toolchain/avr8/avr8-gnu-toolchain/bin/../lib/gcc/avr/4.9.2/../../../../avr/lib/avr4\libm.a(fp_pscA.o)
 .bss           0x00000000        0x0 c:/program files/atmel/studio/7.0/toolchain/avr8/avr8-gnu-toolchain/bin/../lib/gcc/avr/4.9.2/../../../../avr/lib/avr4\libm.a(fp_pscA.o)
 .text          0x00000000        0x0 c:/program files/atmel/studio/7.0/toolchain/avr8/avr8-gnu-toolchain/bin/../lib/gcc/avr/4.9.2/../../../../avr/lib/avr4\libm.a(fp_pscB.o)
 .data          0x00000000        0x0 c:/program files/atmel/studio/7.0/toolchain/avr8/avr8-gnu-toolchain/bin/../lib/gcc/avr/4.9.2/../../../../avr/lib/avr4\libm.a(fp_pscB.o)
 .bss           0x00000000        0x0 c:/program files/atmel/studio/7.0/toolchain/avr8/avr8-gnu-toolchain/bin/../lib/gcc/avr/4.9.2/../../../../avr/lib/avr4\libm.a(fp_pscB.o)
 .text          0x00000000        0x0 c:/program files/atmel/studio/7.0/toolchain/avr8/avr8-gnu-toolchain/bin/../lib/gcc/avr/4.9.2/../../../../avr/lib/avr4\libm.a(fp_round.o)
 .data          0x00000000        0x0 c:/program files/atmel/studio/7.0/toolchain/avr8/avr8-gnu-toolchain/bin/../lib/gcc/avr/4.9.2/../../../../avr/lib/avr4\libm.a(fp_round.o)
 .bss           0x00000000        0x0 c:/program files/atmel/studio/7.0/toolchain/avr8/avr8-gnu-toolchain/bin/../lib/gcc/avr/4.9.2/../../../../avr/lib/avr4\libm.a(fp_round.o)
 .text          0x00000000        0x0 c:/program files/atmel/studio/7.0/toolchain/avr8/avr8-gnu-toolchain/bin/../lib/gcc/avr/4.9.2/../../../../avr/lib/avr4\libm.a(fp_split3.o)
 .data          0x00000000        0x0 c:/program files/atmel/studio/7.0/toolchain/avr8/avr8-gnu-toolchain/bin/../lib/gcc/avr/4.9.2/../../../../avr/lib/avr4\libm.a(fp_split3.o)
 .bss           0x00000000        0x0 c:/program files/atmel/studio/7.0/toolchain/avr8/avr8-gnu-toolchain/bin/../lib/gcc/avr/4.9.2/../../../../avr/lib/avr4\libm.a(fp_split3.o)
 .text          0x00000000        0x0 c:/program files/atmel/studio/7.0/toolchain/avr8/avr8-gnu-toolchain/bin/../lib/gcc/avr/4.9.2/../../../../avr/lib/avr4\libm.a(fp_zero.o)
 .data          0x00000000        0x0 c:/program files/atmel/studio/7.0/toolchain/avr8/avr8-gnu-toolchain/bin/../lib/gcc/avr/4.9.2/../../../../avr/lib/avr4\libm.a(fp_zero.o)
 .bss           0x00000000        0x0 c:/program files/atmel/studio/7.0/toolchain/avr8/avr8-gnu-toolchain/bin/../lib/gcc/avr/4.9.2/../../../../avr/lib/avr4\libm.a(fp_zero.o)
 .text          0x00000000        0x0 c:/program files/atmel/studio/7.0/toolchain/avr8/avr8-gnu-toolchain/bin/../lib/gcc/avr/4.9.2/../../../../avr/lib/avr4\libprintf_flt.a(vfprintf_flt.o)
 .data          0x00000000        0x0 c:/program files/atmel/studio/7.0/toolchain/avr8/avr8-gnu-toolchain/bin/../lib/gcc/avr/4.9.2/../../../../avr/lib/avr4\libprintf_flt.a(vfprintf_flt.o)
 .bss           0x00000000        0x0 c:/program files/atmel/studio/7.0/toolchain/avr8/avr8-gnu-toolchain/bin/../lib/gcc/avr/4.9.2/../../../../avr/lib/avr4\libprintf_flt.a(vfprintf_flt.o)
 .text          0x00000000        0x0 c:/program files/atmel/studio/7.0/toolchain/avr8/avr8-gnu-toolchain/bin/../lib/gcc/avr/4.9.2/avr4\libgcc.a(_exit.o)
 .data          0x00000000        0x0 c:/program files/atmel/studio/7.0/toolchain/avr8/avr8-gnu-toolchain/bin/../lib/gcc/avr/4.9.2/avr4\libgcc.a(_exit.o)
 .bss           0x00000000        0x0 c:/program files/atmel/studio/7.0/toolchain/avr8/avr8-gnu-toolchain/bin/../lib/gcc/avr/4.9.2/avr4\libgcc.a(_exit.o)
 .text.libgcc.mul
                0x00000000        0x0 c:/program files/atmel/studio/7.0/toolchain/avr8/avr8-gnu-toolchain/bin/../lib/gcc/avr/4.9.2/avr4\libgcc.a(_exit.o)
 .text.libgcc.div
                0x00000000        0x0 c:/program files/atmel/studio/7.0/toolchain/avr8/avr8-gnu-toolchain/bin/../lib/gcc/avr/4.9.2/avr4\libgcc.a(_exit.o)
 .text.libgcc   0x00000000        0x0 c:/program files/atmel/studio/7.0/toolchain/avr8/avr8-gnu-toolchain/bin/../lib/gcc/avr/4.9.2/avr4\libgcc.a(_exit.o)
 .text.libgcc.prologue
                0x00000000        0x0 c:/program files/atmel/studio/7.0/toolchain/avr8/avr8-gnu-toolchain/bin/../lib/gcc/avr/4.9.2/avr4\libgcc.a(_exit.o)
 .text.libgcc.builtins
                0x00000000        0x0 c:/program files/atmel/studio/7.0/toolchain/avr8/avr8-gnu-toolchain/bin/../lib/gcc/avr/4.9.2/avr4\libgcc.a(_exit.o)
 .text.libgcc.fmul
                0x00000000        0x0 c:/program files/atmel/studio/7.0/toolchain/avr8/avr8-gnu-toolchain/bin/../lib/gcc/avr/4.9.2/avr4\libgcc.a(_exit.o)
 .text.libgcc.fixed
                0x00000000        0x0 c:/program files/atmel/studio/7.0/toolchain/avr8/avr8-gnu-toolchain/bin/../lib/gcc/avr/4.9.2/avr4\libgcc.a(_exit.o)
 .text          0x00000000        0x0 c:/program files/atmel/studio/7.0/toolchain/avr8/avr8-gnu-toolchain/bin/../lib/gcc/avr/4.9.2/avr4\libgcc.a(_copy_data.o)
 .data          0x00000000        0x0 c:/program files/atmel/studio/7.0/toolchain/avr8/avr8-gnu-toolchain/bin/../lib/gcc/avr/4.9.2/avr4\libgcc.a(_copy_data.o)
 .bss           0x00000000        0x0 c:/program files/atmel/studio/7.0/toolchain/avr8/avr8-gnu-toolchain/bin/../lib/gcc/avr/4.9.2/avr4\libgcc.a(_copy_data.o)
 .text.libgcc.mul
                0x00000000        0x0 c:/program files/atmel/studio/7.0/toolchain/avr8/avr8-gnu-toolchain/bin/../lib/gcc/avr/4.9.2/avr4\libgcc.a(_copy_data.o)
 .text.libgcc.div
                0x00000000        0x0 c:/program files/atmel/studio/7.0/toolchain/avr8/avr8-gnu-toolchain/bin/../lib/gcc/avr/4.9.2/avr4\libgcc.a(_copy_data.o)
 .text.libgcc   0x00000000        0x0 c:/program files/atmel/studio/7.0/toolchain/avr8/avr8-gnu-toolchain/bin/../lib/gcc/avr/4.9.2/avr4\libgcc.a(_copy_data.o)
 .text.libgcc.prologue
                0x00000000        0x0 c:/program files/atmel/studio/7.0/toolchain/avr8/avr8-gnu-toolchain/bin/../lib/gcc/avr/4.9.2/avr4\libgcc.a(_copy_data.o)
 .text.libgcc.builtins
                0x00000000        0x0 c:/program files/atmel/studio/7.0/toolchain/avr8/avr8-gnu-toolchain/bin/../lib/gcc/avr/4.9.2/avr4\libgcc.a(_copy_data.o)
 .text.libgcc.fmul
                0x00000000        0x0 c:/program files/atmel/studio/7.0/toolchain/avr8/avr8-gnu-toolchain/bin/../lib/gcc/avr/4.9.2/avr4\libgcc.a(_copy_data.o)
 .text.libgcc.fixed
                0x00000000        0x0 c:/program files/atmel/studio/7.0/toolchain/avr8/avr8-gnu-toolchain/bin/../lib/gcc/avr/4.9.2/avr4\libgcc.a(_copy_data.o)
 .text          0x00000000        0x0 c:/program files/atmel/studio/7.0/toolchain/avr8/avr8-gnu-toolchain/bin/../lib/gcc/avr/4.9.2/avr4\libgcc.a(_prologue.o)
 .data          0x00000000        0x0 c:/program files/atmel/studio/7.0/toolchain/avr8/avr8-gnu-toolchain/bin/../lib/gcc/avr/4.9.2/avr4\libgcc.a(_prologue.o)
 .bss           0x00000000        0x0 c:/program files/atmel/studio/7.0/toolchain/avr8/avr8-gnu-toolchain/bin/../lib/gcc/avr/4.9.2/avr4\libgcc.a(_prologue.o)
 .text.libgcc.mul
                0x00000000        0x0 c:/program files/atmel/studio/7.0/toolchain/avr8/avr8-gnu-toolchain/bin/../lib/gcc/avr/4.9.2/avr4\libgcc.a(_prologue.o)
 .text.libgcc.div
                0x00000000        0x0 c:/program files/atmel/studio/7.0/toolchain/avr8/avr8-gnu-toolchain/bin/../lib/gcc/avr/4.9.2/avr4\libgcc.a(_prologue.o)
 .text.libgcc   0x00000000        0x0 c:/program files/atmel/studio/7.0/toolchain/avr8/avr8-gnu-toolchain/bin/../lib/gcc/avr/4.9.2/avr4\libgcc.a(_prologue.o)
 .text.libgcc.builtins
                0x00000000        0x0 c:/program files/atmel/studio/7.0/toolchain/avr8/avr8-gnu-toolchain/bin/../lib/gcc/avr/4.9.2/avr4\libgcc.a(_prologue.o)
 .text.libgcc.fmul
                0x00000000        0x0 c:/program files/atmel/studio/7.0/toolchain/avr8/avr8-gnu-toolchain/bin/../lib/gcc/avr/4.9.2/avr4\libgcc.a(_prologue.o)
 .text.libgcc.fixed
                0x00000000        0x0 c:/program files/atmel/studio/7.0/toolchain/avr8/avr8-gnu-toolchain/bin/../lib/gcc/avr/4.9.2/avr4\libgcc.a(_prologue.o)
 .text          0x00000000        0x0 c:/program files/atmel/studio/7.0/toolchain/avr8/avr8-gnu-toolchain/bin/../lib/gcc/avr/4.9.2/avr4\libgcc.a(_epilogue.o)
 .data          0x00000000        0x0 c:/program files/atmel/studio/7.0/toolchain/avr8/avr8-gnu-toolchain/bin/../lib/gcc/avr/4.9.2/avr4\libgcc.a(_epilogue.o)
 .bss           0x00000000        0x0 c:/program files/atmel/studio/7.0/toolchain/avr8/avr8-gnu-toolchain/bin/../lib/gcc/avr/4.9.2/avr4\libgcc.a(_epilogue.o)
 .text.libgcc.mul
                0x00000000        0x0 c:/program files/atmel/studio/7.0/toolchain/avr8/avr8-gnu-toolchain/bin/../lib/gcc/avr/4.9.2/avr4\libgcc.a(_epilogue.o)
 .text.libgcc.div
                0x00000000        0x0 c:/program files/atmel/studio/7.0/toolchain/avr8/avr8-gnu-toolchain/bin/../lib/gcc/avr/4.9.2/avr4\libgcc.a(_epilogue.o)
 .text.libgcc   0x00000000        0x0 c:/program files/atmel/studio/7.0/toolchain/avr8/avr8-gnu-toolchain/bin/../lib/gcc/avr/4.9.2/avr4\libgcc.a(_epilogue.o)
 .text.libgcc.builtins
                0x00000000        0x0 c:/program files/atmel/studio/7.0/toolchain/avr8/avr8-gnu-toolchain/bin/../lib/gcc/avr/4.9.2/avr4\libgcc.a(_epilogue.o)
 .text.libgcc.fmul
                0x00000000        0x0 c:/program files/atmel/studio/7.0/toolchain/avr8/avr8-gnu-toolchain/bin/../lib/gcc/avr/4.9.2/avr4\libgcc.a(_epilogue.o)
 .text.libgcc.fixed
                0x00000000        0x0 c:/program files/atmel/studio/7.0/toolchain/avr8/avr8-gnu-toolchain/bin/../lib/gcc/avr/4.9.2/avr4\libgcc.a(_epilogue.o)
 .text          0x00000000        0x0 c:/program files/atmel/studio/7.0/toolchain/avr8/avr8-gnu-toolchain/bin/../lib/gcc/avr/4.9.2/../../../../avr/lib/avr4\libc.a(ftoa_engine.o)
 .data          0x00000000        0x0 c:/program files/atmel/studio/7.0/toolchain/avr8/avr8-gnu-toolchain/bin/../lib/gcc/avr/4.9.2/../../../../avr/lib/avr4\libc.a(ftoa_engine.o)
 .bss           0x00000000        0x0 c:/program files/atmel/studio/7.0/toolchain/avr8/avr8-gnu-toolchain/bin/../lib/gcc/avr/4.9.2/../../../../avr/lib/avr4\libc.a(ftoa_engine.o)
 .text          0x00000000        0x0 c:/program files/atmel/studio/7.0/toolchain/avr8/avr8-gnu-toolchain/bin/../lib/gcc/avr/4.9.2/../../../../avr/lib/avr4\libc.a(strnlen_P.o)
 .data          0x00000000        0x0 c:/program files/atmel/studio/7.0/toolchain/avr8/avr8-gnu-toolchain/bin/../lib/gcc/avr/4.9.2/../../../../avr/lib/avr4\libc.a(strnlen_P.o)
 .bss           0x00000000        0x0 c:/program files/atmel/studio/7.0/toolchain/avr8/avr8-gnu-toolchain/bin/../lib/gcc/avr/4.9.2/../../../../avr/lib/avr4\libc.a(strnlen_P.o)
 .text          0x00000000        0x0 c:/program files/atmel/studio/7.0/toolchain/avr8/avr8-gnu-toolchain/bin/../lib/gcc/avr/4.9.2/../../../../avr/lib/avr4\libc.a(strnlen.o)
 .data          0x00000000        0x0 c:/program files/atmel/studio/7.0/toolchain/avr8/avr8-gnu-toolchain/bin/../lib/gcc/avr/4.9.2/../../../../avr/lib/avr4\libc.a(strnlen.o)
 .bss           0x00000000        0x0 c:/program files/atmel/studio/7.0/toolchain/avr8/avr8-gnu-toolchain/bin/../lib/gcc/avr/4.9.2/../../../../avr/lib/avr4\libc.a(strnlen.o)
 .text          0x00000000        0x0 c:/program files/atmel/studio/7.0/toolchain/avr8/avr8-gnu-toolchain/bin/../lib/gcc/avr/4.9.2/../../../../avr/lib/avr4\libc.a(fputc.o)
 .data          0x00000000        0x0 c:/program files/atmel/studio/7.0/toolchain/avr8/avr8-gnu-toolchain/bin/../lib/gcc/avr/4.9.2/../../../../avr/lib/avr4\libc.a(fputc.o)
 .bss           0x00000000        0x0 c:/program files/atmel/studio/7.0/toolchain/avr8/avr8-gnu-toolchain/bin/../lib/gcc/avr/4.9.2/../../../../avr/lib/avr4\libc.a(fputc.o)
 .text          0x00000000        0x0 c:/program files/atmel/studio/7.0/toolchain/avr8/avr8-gnu-toolchain/bin/../lib/gcc/avr/4.9.2/../../../../avr/lib/avr4\libc.a(sprintf.o)
 .data          0x00000000        0x0 c:/program files/atmel/studio/7.0/toolchain/avr8/avr8-gnu-toolchain/bin/../lib/gcc/avr/4.9.2/../../../../avr/lib/avr4\libc.a(sprintf.o)
 .bss           0x00000000        0x0 c:/program files/atmel/studio/7.0/toolchain/avr8/avr8-gnu-toolchain/bin/../lib/gcc/avr/4.9.2/../../../../avr/lib/avr4\libc.a(sprintf.o)
 .text          0x00000000        0x0 c:/program files/atmel/studio/7.0/toolchain/avr8/avr8-gnu-toolchain/bin/../lib/gcc/avr/4.9.2/../../../../avr/lib/avr4\libc.a(ultoa_invert.o)
 .data          0x00000000        0x0 c:/program files/atmel/studio/7.0/toolchain/avr8/avr8-gnu-toolchain/bin/../lib/gcc/avr/4.9.2/../../../../avr/lib/avr4\libc.a(ultoa_invert.o)
 .bss           0x00000000        0x0 c:/program files/atmel/studio/7.0/toolchain/avr8/avr8-gnu-toolchain/bin/../lib/gcc/avr/4.9.2/../../../../avr/lib/avr4\libc.a(ultoa_invert.o)

Memory Configuration

Name             Origin             Length             Attributes
text             0x00000000         0x00002000         xr
data             0x00800060         0x0000ffa0         rw !x
eeprom           0x00810000         0x00010000         rw !x
fuse             0x00820000         0x00000400         rw !x
lock             0x00830000         0x00000400         rw !x
signature        0x00840000         0x00000400         rw !x
user_signatures  0x00850000         0x00000400         rw !x
*default*        0x00000000         0xffffffff

Linker script and memory map

LOAD C:/Program Files/Atmel/Studio/7.0/Packs/atmel/ATmega_DFP/1.0.98/gcc/dev/atmega8a/avr4/crtatmega8a.o
LOAD LCD_LIB.o
LOAD main.o
START GROUP
LOAD c:/program files/atmel/studio/7.0/toolchain/avr8/avr8-gnu-toolchain/bin/../lib/gcc/avr/4.9.2/../../../../avr/lib/avr4\libm.a
END GROUP
LOAD c:/program files/atmel/studio/7.0/toolchain/avr8/avr8-gnu-toolchain/bin/../lib/gcc/avr/4.9.2/../../../../avr/lib/avr4\libprintf_flt.a
LOAD c:/program files/atmel/studio/7.0/toolchain/avr8/avr8-gnu-toolchain/bin/../lib/gcc/avr/4.9.2/../../../../avr/lib/avr4\libm.a
START GROUP
LOAD c:/program files/atmel/studio/7.0/toolchain/avr8/avr8-gnu-toolchain/bin/../lib/gcc/avr/4.9.2/avr4\libgcc.a
LOAD c:/program files/atmel/studio/7.0/toolchain/avr8/avr8-gnu-toolchain/bin/../lib/gcc/avr/4.9.2/../../../../avr/lib/avr4\libm.a
LOAD c:/program files/atmel/studio/7.0/toolchain/avr8/avr8-gnu-toolchain/bin/../lib/gcc/avr/4.9.2/../../../../avr/lib/avr4\libc.a
LOAD C:/Program Files/Atmel/Studio/7.0/Packs/atmel/ATmega_DFP/1.0.98/gcc/dev/atmega8a/avr4\libatmega8a.a
END GROUP

.hash
 *(.hash)

.dynsym
 *(.dynsym)

.dynstr
 *(.dynstr)

.gnu.version
 *(.gnu.version)

.gnu.version_d
 *(.gnu.version_d)

.gnu.version_r
 *(.gnu.version_r)

.rel.init
 *(.rel.init)

.rela.init
 *(.rela.init)

.rel.text
 *(.rel.text)
 *(.rel.text.*)
 *(.rel.gnu.linkonce.t*)

.rela.text
 *(.rela.text)
 *(.rela.text.*)
 *(.rela.gnu.linkonce.t*)

.rel.fini
 *(.rel.fini)

.rela.fini
 *(.rela.fini)

.rel.rodata
 *(.rel.rodata)
 *(.rel.rodata.*)
 *(.rel.gnu.linkonce.r*)

.rela.rodata
 *(.rela.rodata)
 *(.rela.rodata.*)
 *(.rela.gnu.linkonce.r*)

.rel.data
 *(.rel.data)
 *(.rel.data.*)
 *(.rel.gnu.linkonce.d*)

.rela.data
 *(.rela.data)
 *(.rela.data.*)
 *(.rela.gnu.linkonce.d*)

.rel.ctors
 *(.rel.ctors)

.rela.ctors
 *(.rela.ctors)

.rel.dtors
 *(.rel.dtors)

.rela.dtors
 *(.rela.dtors)

.rel.got
 *(.rel.got)

.rela.got
 *(.rela.got)

.rel.bss
 *(.rel.bss)

.rela.bss
 *(.rela.bss)

.rel.plt
 *(.rel.plt)

.rela.plt
 *(.rela.plt)

.text           0x00000000      0xf8c
 *(.vectors)
 .vectors       0x00000000       0x26 C:/Program Files/Atmel/Studio/7.0/Packs/atmel/ATmega_DFP/1.0.98/gcc/dev/atmega8a/avr4/crtatmega8a.o
                0x00000000                __vector_default
                0x00000000                __vectors
 *(.vectors)
 *(.progmem.gcc*)
                0x00000026                . = ALIGN (0x2)
                0x00000026                __trampolines_start = .
 *(.trampolines)
 .trampolines   0x00000026        0x0 linker stubs
 *(.trampolines*)
                0x00000026                __trampolines_end = .
 *(.progmem*)
 .progmem.data  0x00000026        0x8 c:/program files/atmel/studio/7.0/toolchain/avr8/avr8-gnu-toolchain/bin/../lib/gcc/avr/4.9.2/../../../../avr/lib/avr4\libprintf_flt.a(vfprintf_flt.o)
 .progmem.data  0x0000002e       0xfa c:/program files/atmel/studio/7.0/toolchain/avr8/avr8-gnu-toolchain/bin/../lib/gcc/avr/4.9.2/../../../../avr/lib/avr4\libc.a(ftoa_engine.o)
                0x00000128                . = ALIGN (0x2)
 *(.jumptables)
 *(.jumptables*)
 *(.lowtext)
 *(.lowtext*)
                0x00000128                __ctors_start = .
 *(.ctors)
                0x00000128                __ctors_end = .
                0x00000128                __dtors_start = .
 *(.dtors)
                0x00000128                __dtors_end = .
 SORT(*)(.ctors)
 SORT(*)(.dtors)
 *(.init0)
 .init0         0x00000128        0x0 C:/Program Files/Atmel/Studio/7.0/Packs/atmel/ATmega_DFP/1.0.98/gcc/dev/atmega8a/avr4/crtatmega8a.o
                0x00000128                __init
 *(.init0)
 *(.init1)
 *(.init1)
 *(.init2)
 .init2         0x00000128        0xc C:/Program Files/Atmel/Studio/7.0/Packs/atmel/ATmega_DFP/1.0.98/gcc/dev/atmega8a/avr4/crtatmega8a.o
 *(.init2)
 *(.init3)
 *(.init3)
 *(.init4)
 .init4         0x00000134       0x16 c:/program files/atmel/studio/7.0/toolchain/avr8/avr8-gnu-toolchain/bin/../lib/gcc/avr/4.9.2/avr4\libgcc.a(_copy_data.o)
                0x00000134                __do_copy_data
 *(.init4)
 *(.init5)
 *(.init5)
 *(.init6)
 *(.init6)
 *(.init7)
 *(.init7)
 *(.init8)
 *(.init8)
 *(.init9)
 .init9         0x0000014a        0x4 C:/Program Files/Atmel/Studio/7.0/Packs/atmel/ATmega_DFP/1.0.98/gcc/dev/atmega8a/avr4/crtatmega8a.o
 *(.init9)
 *(.text)
 .text          0x0000014e        0x2 C:/Program Files/Atmel/Studio/7.0/Packs/atmel/ATmega_DFP/1.0.98/gcc/dev/atmega8a/avr4/crtatmega8a.o
                0x0000014e                __vector_1
                0x0000014e                __vector_12
                0x0000014e                __bad_interrupt
                0x0000014e                __vector_6
                0x0000014e                __vector_3
                0x0000014e                __vector_11
                0x0000014e                __vector_13
                0x0000014e                __vector_17
                0x0000014e                __vector_7
                0x0000014e                __vector_5
                0x0000014e                __vector_4
                0x0000014e                __vector_9
                0x0000014e                __vector_2
                0x0000014e                __vector_15
                0x0000014e                __vector_8
                0x0000014e                __vector_14
                0x0000014e                __vector_10
                0x0000014e                __vector_16
                0x0000014e                __vector_18
                0x00000150                . = ALIGN (0x2)
 *(.text.*)
 .text.sendhalfbyte
                0x00000150       0x26 LCD_LIB.o
                0x00000150                sendhalfbyte
 .text.sendbyte
                0x00000176       0x1e LCD_LIB.o
                0x00000176                sendbyte
 .text.sendchar
                0x00000194        0x6 LCD_LIB.o
                0x00000194                sendchar
 .text.lcd_gotoxy
                0x0000019a       0x10 LCD_LIB.o
                0x0000019a                lcd_gotoxy
 .text.lcd_clear
                0x000001aa       0x14 LCD_LIB.o
                0x000001aa                lcd_clear
 .text.lcd_print
                0x000001be       0x1c LCD_LIB.o
                0x000001be                lcd_print
 .text.LCD_ini  0x000001da       0x78 LCD_LIB.o
                0x000001da                LCD_ini
 .text.port_ini
                0x00000252        0x8 main.o
                0x00000252                port_ini
 .text.SPI_init
                0x0000025a       0x12 main.o
                0x0000025a                SPI_init
 .text.SPI_ChangeByte
                0x0000026c        0xa main.o
                0x0000026c                SPI_ChangeByte
 .text.Read_3201
                0x00000276       0x3a main.o
                0x00000276                Read_3201
 .text.main     0x000002b0       0x86 main.o
                0x000002b0                main
 .text.avr-libc.fplib
                0x00000336       0x7a c:/program files/atmel/studio/7.0/toolchain/avr8/avr8-gnu-toolchain/bin/../lib/gcc/avr/4.9.2/../../../../avr/lib/avr4\libm.a(floatsisf.o)
                0x00000336                __floatunsisf
                0x0000033a                __floatsisf
 .text.avr-libc.fplib
                0x000003b0        0x4 c:/program files/atmel/studio/7.0/toolchain/avr8/avr8-gnu-toolchain/bin/../lib/gcc/avr/4.9.2/../../../../avr/lib/avr4\libm.a(mulsf3.o)
                0x000003b0                __mulsf3
 .text.avr-libc.fplib
                0x000003b4       0xc2 c:/program files/atmel/studio/7.0/toolchain/avr8/avr8-gnu-toolchain/bin/../lib/gcc/avr/4.9.2/../../../../avr/lib/avr4\libm.a(mulsf3x.o)
                0x000003c8                __mulsf3x
                0x000003cc                __mulsf3_pse
 .text.avr-libc.fplib
                0x00000476        0xc c:/program files/atmel/studio/7.0/toolchain/avr8/avr8-gnu-toolchain/bin/../lib/gcc/avr/4.9.2/../../../../avr/lib/avr4\libm.a(fp_inf.o)
                0x00000476                __fp_inf
 .text.avr-libc.fplib
                0x00000482        0x6 c:/program files/atmel/studio/7.0/toolchain/avr8/avr8-gnu-toolchain/bin/../lib/gcc/avr/4.9.2/../../../../avr/lib/avr4\libm.a(fp_nan.o)
                0x00000482                __fp_nan
 .text.avr-libc.fplib
                0x00000488        0xe c:/program files/atmel/studio/7.0/toolchain/avr8/avr8-gnu-toolchain/bin/../lib/gcc/avr/4.9.2/../../../../avr/lib/avr4\libm.a(fp_pscA.o)
                0x00000488                __fp_pscA
 .text.avr-libc.fplib
                0x00000496        0xe c:/program files/atmel/studio/7.0/toolchain/avr8/avr8-gnu-toolchain/bin/../lib/gcc/avr/4.9.2/../../../../avr/lib/avr4\libm.a(fp_pscB.o)
                0x00000496                __fp_pscB
 .text.avr-libc.fplib
                0x000004a4       0x22 c:/program files/atmel/studio/7.0/toolchain/avr8/avr8-gnu-toolchain/bin/../lib/gcc/avr/4.9.2/../../../../avr/lib/avr4\libm.a(fp_round.o)
                0x000004a4                __fp_round
 .text.avr-libc.fplib
                0x000004c6       0x44 c:/program files/atmel/studio/7.0/toolchain/avr8/avr8-gnu-toolchain/bin/../lib/gcc/avr/4.9.2/../../../../avr/lib/avr4\libm.a(fp_split3.o)
                0x000004c6                __fp_split3
                0x000004d6                __fp_splitA
 .text.avr-libc.fplib
                0x0000050a        0xe c:/program files/atmel/studio/7.0/toolchain/avr8/avr8-gnu-toolchain/bin/../lib/gcc/avr/4.9.2/../../../../avr/lib/avr4\libm.a(fp_zero.o)
                0x0000050a                __fp_zero
                0x0000050c                __fp_szero
 .text.avr-libc
                0x00000518      0x6ba c:/program files/atmel/studio/7.0/toolchain/avr8/avr8-gnu-toolchain/bin/../lib/gcc/avr/4.9.2/../../../../avr/lib/avr4\libprintf_flt.a(vfprintf_flt.o)
                0x00000518                vfprintf
 .text.libgcc.prologue
                0x00000bd2       0x38 c:/program files/atmel/studio/7.0/toolchain/avr8/avr8-gnu-toolchain/bin/../lib/gcc/avr/4.9.2/avr4\libgcc.a(_prologue.o)
                0x00000bd2                __prologue_saves__
 .text.libgcc.prologue
                0x00000c0a       0x36 c:/program files/atmel/studio/7.0/toolchain/avr8/avr8-gnu-toolchain/bin/../lib/gcc/avr/4.9.2/avr4\libgcc.a(_epilogue.o)
                0x00000c0a                __epilogue_restores__
 .text.avr-libc
                0x00000c40      0x1b0 c:/program files/atmel/studio/7.0/toolchain/avr8/avr8-gnu-toolchain/bin/../lib/gcc/avr/4.9.2/../../../../avr/lib/avr4\libc.a(ftoa_engine.o)
                0x00000c40                __ftoa_engine
 .text.avr-libc
                0x00000df0       0x16 c:/program files/atmel/studio/7.0/toolchain/avr8/avr8-gnu-toolchain/bin/../lib/gcc/avr/4.9.2/../../../../avr/lib/avr4\libc.a(strnlen_P.o)
                0x00000df0                strnlen_P
 .text.avr-libc
                0x00000e06       0x16 c:/program files/atmel/studio/7.0/toolchain/avr8/avr8-gnu-toolchain/bin/../lib/gcc/avr/4.9.2/../../../../avr/lib/avr4\libc.a(strnlen.o)
                0x00000e06                strnlen
 .text.avr-libc
                0x00000e1c       0x70 c:/program files/atmel/studio/7.0/toolchain/avr8/avr8-gnu-toolchain/bin/../lib/gcc/avr/4.9.2/../../../../avr/lib/avr4\libc.a(fputc.o)
                0x00000e1c                fputc
 .text.avr-libc
                0x00000e8c       0x40 c:/program files/atmel/studio/7.0/toolchain/avr8/avr8-gnu-toolchain/bin/../lib/gcc/avr/4.9.2/../../../../avr/lib/avr4\libc.a(sprintf.o)
                0x00000e8c                sprintf
 .text.avr-libc
                0x00000ecc       0xbc c:/program files/atmel/studio/7.0/toolchain/avr8/avr8-gnu-toolchain/bin/../lib/gcc/avr/4.9.2/../../../../avr/lib/avr4\libc.a(ultoa_invert.o)
                0x00000ecc                __ultoa_invert
                0x00000f88                . = ALIGN (0x2)
 *(.fini9)
 .fini9         0x00000f88        0x0 c:/program files/atmel/studio/7.0/toolchain/avr8/avr8-gnu-toolchain/bin/../lib/gcc/avr/4.9.2/avr4\libgcc.a(_exit.o)
                0x00000f88                _exit
                0x00000f88                exit
 *(.fini9)
 *(.fini8)
 *(.fini8)
 *(.fini7)
 *(.fini7)
 *(.fini6)
 *(.fini6)
 *(.fini5)
 *(.fini5)
 *(.fini4)
 *(.fini4)
 *(.fini3)
 *(.fini3)
 *(.fini2)
 *(.fini2)
 *(.fini1)
 *(.fini1)
 *(.fini0)
 .fini0         0x00000f88        0x4 c:/program files/atmel/studio/7.0/toolchain/avr8/avr8-gnu-toolchain/bin/../lib/gcc/avr/4.9.2/avr4\libgcc.a(_exit.o)
 *(.fini0)
                0x00000f8c                _etext = .

.data           0x00800060        0x8 load address 0x00000f8c
                0x00800060                PROVIDE (__data_start, .)
 *(.data)
 *(.data*)
 *(.rodata)
 *(.rodata*)
 .rodata.str1.1
                0x00800060        0x8 main.o
 *(.gnu.linkonce.d*)
                0x00800068                . = ALIGN (0x2)
                0x00800068                _edata = .
                0x00800068                PROVIDE (__data_end, .)

.bss            0x00800068        0x0
                0x00800068                PROVIDE (__bss_start, .)
 *(.bss)
 *(.bss*)
 *(COMMON)
                0x00800068                PROVIDE (__bss_end, .)
                0x00000f8c                __data_load_start = LOADADDR (.data)
                0x00000f94                __data_load_end = (__data_load_start + SIZEOF (.data))

.noinit         0x00800068        0x0
                0x00800068                PROVIDE (__noinit_start, .)
 *(.noinit*)
                0x00800068                PROVIDE (__noinit_end, .)
                0x00800068                _end = .
                0x00800068                PROVIDE (__heap_start, .)

.eeprom         0x00810000        0x0
 *(.eeprom*)
                0x00810000                __eeprom_end = .

.fuse
 *(.fuse)
 *(.lfuse)
 *(.hfuse)
 *(.efuse)

.lock
 *(.lock*)

.signature
 *(.signature*)

.user_signatures
 *(.user_signatures*)

.stab
 *(.stab)

.stabstr
 *(.stabstr)

.stab.excl
 *(.stab.excl)

.stab.exclstr
 *(.stab.exclstr)

.stab.index
 *(.stab.index)

.stab.indexstr
 *(.stab.indexstr)

.comment        0x00000000       0x5c
 *(.comment)
 .comment       0x00000000       0x30 LCD_LIB.o
                                 0x31 (size before relaxing)
 .comment       0x00000030       0x31 main.o
 .comment       0x00000030       0x2c c:/program files/atmel/studio/7.0/toolchain/avr8/avr8-gnu-toolchain/bin/../lib/gcc/avr/4.9.2/../../../../avr/lib/avr4\libprintf_flt.a(vfprintf_flt.o)
                                 0x2d (size before relaxing)
 .comment       0x0000005c       0x31 c:/program files/atmel/studio/7.0/toolchain/avr8/avr8-gnu-toolchain/bin/../lib/gcc/avr/4.9.2/../../../../avr/lib/avr4\libc.a(fputc.o)
 .comment       0x0000005c       0x31 c:/program files/atmel/studio/7.0/toolchain/avr8/avr8-gnu-toolchain/bin/../lib/gcc/avr/4.9.2/../../../../avr/lib/avr4\libc.a(sprintf.o)

.note.gnu.avr.deviceinfo
                0x00000000       0x3c
 .note.gnu.avr.deviceinfo
                0x00000000       0x3c C:/Program Files/Atmel/Studio/7.0/Packs/atmel/ATmega_DFP/1.0.98/gcc/dev/atmega8a/avr4/crtatmega8a.o

.note.gnu.build-id
 *(.note.gnu.build-id)

.debug
 *(.debug)

.line
 *(.line)

.debug_srcinfo
 *(.debug_srcinfo)

.debug_sfnames
 *(.debug_sfnames)

.debug_aranges  0x00000000       0xa0
 *(.debug_aranges)
 .debug_aranges
                0x00000000       0x50 LCD_LIB.o
 .debug_aranges
                0x00000050       0x50 main.o

.debug_pubnames
 *(.debug_pubnames)

.debug_info     0x00000000      0x926
 *(.debug_info .gnu.linkonce.wi.*)
 .debug_info    0x00000000      0x59e LCD_LIB.o
 .debug_info    0x0000059e      0x388 main.o

.debug_abbrev   0x00000000      0x41e
 *(.debug_abbrev)
 .debug_abbrev  0x00000000      0x1a7 LCD_LIB.o
 .debug_abbrev  0x000001a7      0x277 main.o

.debug_line     0x00000000      0x3f0
 *(.debug_line .debug_line.* .debug_line_end)
 .debug_line    0x00000000      0x242 LCD_LIB.o
 .debug_line    0x00000242      0x1ae main.o

.debug_frame    0x00000000      0x134
 *(.debug_frame)
 .debug_frame   0x00000000       0x98 LCD_LIB.o
 .debug_frame   0x00000098       0x9c main.o

.debug_str      0x00000000      0x264
 *(.debug_str)
 .debug_str     0x00000000      0x1f7 LCD_LIB.o
                                0x230 (size before relaxing)
 .debug_str     0x000001f7       0x6d main.o
                                0x24c (size before relaxing)

.debug_loc      0x00000000      0x429
 *(.debug_loc)
 .debug_loc     0x00000000      0x232 LCD_LIB.o
 .debug_loc     0x00000232      0x1f7 main.o

.debug_macinfo
 *(.debug_macinfo)

.debug_weaknames
 *(.debug_weaknames)

.debug_funcnames
 *(.debug_funcnames)

.debug_typenames
 *(.debug_typenames)

.debug_varnames
 *(.debug_varnames)

.debug_pubtypes
 *(.debug_pubtypes)

.debug_ranges   0x00000000       0x80
 *(.debug_ranges)
 .debug_ranges  0x00000000       0x40 LCD_LIB.o
 .debug_ranges  0x00000040       0x40 main.o

.debug_macro
 *(.debug_macro)
OUTPUT(GccApplication1.elf elf32-avr)
LOAD linker stubs
